// Jest Snapshot v1, https://goo.gl/fbAQLP

exports[`ArticleList  Should render properly 1`] = `
<div>
  <div
    style={
      Object {
        "paddingBottom": 10,
      }
    }
  >
    <div
      style={
        Object {
          "fontWeight": "bold",
        }
      }
    />
    <div
      style={
        Object {
          "color": "#888",
          "fontSize": "0.85em",
        }
      }
    >
      Invalid Date
    </div>
    <div
      style={
        Object {
          "paddingBottom": "10",
          "paddingTop": "10",
        }
      }
    >
      <a />
    </div>
    <div
      style={
        Object {
          "paddingLeft": "20",
        }
      }
    />
  </div>
  <div
    style={
      Object {
        "paddingBottom": 10,
      }
    }
  >
    <div
      style={
        Object {
          "fontWeight": "bold",
        }
      }
    />
    <div
      style={
        Object {
          "color": "#888",
          "fontSize": "0.85em",
        }
      }
    >
      Invalid Date
    </div>
    <div
      style={
        Object {
          "paddingBottom": "10",
          "paddingTop": "10",
        }
      }
    >
      <a />
    </div>
    <div
      style={
        Object {
          "paddingLeft": "20",
        }
      }
    />
  </div>
</div>
`;
